src/modules/activityLogs/routes.ts(12,13): error TS2339: Property 'limit' does not exist on type 'String'.
src/modules/activityLogs/routes.ts(12,20): error TS2339: Property 'offset' does not exist on type 'String'.
src/modules/activityLogs/routes.ts(12,28): error TS2339: Property 'page' does not exist on type 'String'.
src/modules/activityLogs/routes.ts(12,37): error TS2554: Expected 2 arguments, but got 1.
src/modules/allocations/routes.ts(11,13): error TS2339: Property 'limit' does not exist on type 'String'.
src/modules/allocations/routes.ts(11,20): error TS2339: Property 'offset' does not exist on type 'String'.
src/modules/allocations/routes.ts(21,56): error TS2551: Property 'notFound' does not exist on type '{ ValidationError: (details?: any) => AppError; InvalidEmail: () => AppError; WeakPassword: () => AppError; InvalidDate: (message?: string) => AppError; ... 28 more ...; InternalError: (details?: string | undefined) => AppError; }'. Did you mean 'NotFound'?
src/modules/allocations/routes.ts(33,62): error TS2551: Property 'notFound' does not exist on type '{ ValidationError: (details?: any) => AppError; InvalidEmail: () => AppError; WeakPassword: () => AppError; InvalidDate: (message?: string) => AppError; ... 28 more ...; InternalError: (details?: string | undefined) => AppError; }'. Did you mean 'NotFound'?
src/modules/allocations/routes.ts(34,75): error TS2339: Property 'badRequest' does not exist on type '{ ValidationError: (details?: any) => AppError; InvalidEmail: () => AppError; WeakPassword: () => AppError; InvalidDate: (message?: string) => AppError; ... 28 more ...; InternalError: (details?: string | undefined) => AppError; }'.
src/modules/allocations/routes.ts(47,11): error TS2554: Expected 5-6 arguments, but got 4.
src/modules/allocations/routes.ts(59,56): error TS2551: Property 'notFound' does not exist on type '{ ValidationError: (details?: any) => AppError; InvalidEmail: () => AppError; WeakPassword: () => AppError; InvalidDate: (message?: string) => AppError; ... 28 more ...; InternalError: (details?: string | undefined) => AppError; }'. Did you mean 'NotFound'?
src/modules/allocations/routes.ts(60,11): error TS2554: Expected 5-6 arguments, but got 4.
src/modules/allocations/routes.ts(70,57): error TS2551: Property 'notFound' does not exist on type '{ ValidationError: (details?: any) => AppError; InvalidEmail: () => AppError; WeakPassword: () => AppError; InvalidDate: (message?: string) => AppError; ... 28 more ...; InternalError: (details?: string | undefined) => AppError; }'. Did you mean 'NotFound'?
src/modules/allocations/routes.ts(71,83): error TS2339: Property 'badRequest' does not exist on type '{ ValidationError: (details?: any) => AppError; InvalidEmail: () => AppError; WeakPassword: () => AppError; InvalidDate: (message?: string) => AppError; ... 28 more ...; InternalError: (details?: string | undefined) => AppError; }'.
src/modules/allocations/routes.ts(83,11): error TS2554: Expected 5-6 arguments, but got 4.
src/modules/assets/routes.ts(11,13): error TS2339: Property 'limit' does not exist on type 'String'.
src/modules/assets/routes.ts(11,20): error TS2339: Property 'offset' does not exist on type 'String'.
src/modules/assets/routes.ts(12,56): error TS2345: Argument of type 'string' is not assignable to parameter of type '"asc" | "desc" | undefined'.
src/modules/assets/routes.ts(35,28): error TS2339: Property 'badRequest' does not exist on type '{ ValidationError: (details?: any) => AppError; InvalidEmail: () => AppError; WeakPassword: () => AppError; InvalidDate: (message?: string) => AppError; ... 28 more ...; InternalError: (details?: string | undefined) => AppError; }'.
src/modules/assets/routes.ts(47,23): error TS2345: Argument of type 'Request<ParamsDictionary, any, any, ParsedQs, Record<string, any>>' is not assignable to parameter of type 'PoolClient'.
  Type 'Request<ParamsDictionary, any, any, ParsedQs, Record<string, any>>' is missing the following properties from type 'PoolClient': release, connect, copyFrom, copyTo, and 6 more.
src/modules/assets/routes.ts(58,56): error TS2551: Property 'notFound' does not exist on type '{ ValidationError: (details?: any) => AppError; InvalidEmail: () => AppError; WeakPassword: () => AppError; InvalidDate: (message?: string) => AppError; ... 28 more ...; InternalError: (details?: string | undefined) => AppError; }'. Did you mean 'NotFound'?
src/modules/assets/routes.ts(74,56): error TS2551: Property 'notFound' does not exist on type '{ ValidationError: (details?: any) => AppError; InvalidEmail: () => AppError; WeakPassword: () => AppError; InvalidDate: (message?: string) => AppError; ... 28 more ...; InternalError: (details?: string | undefined) => AppError; }'. Did you mean 'NotFound'?
src/modules/assets/routes.ts(76,23): error TS2345: Argument of type 'Request<ParamsDictionary, any, any, ParsedQs, Record<string, any>>' is not assignable to parameter of type 'PoolClient'.
  Type 'Request<ParamsDictionary, any, any, ParsedQs, Record<string, any>>' is missing the following properties from type 'PoolClient': release, connect, copyFrom, copyTo, and 6 more.
src/modules/assets/routes.ts(86,56): error TS2551: Property 'notFound' does not exist on type '{ ValidationError: (details?: any) => AppError; InvalidEmail: () => AppError; WeakPassword: () => AppError; InvalidDate: (message?: string) => AppError; ... 28 more ...; InternalError: (details?: string | undefined) => AppError; }'. Did you mean 'NotFound'?
src/modules/assets/routes.ts(88,11): error TS2554: Expected 5-6 arguments, but got 4.
src/modules/assets/routes.ts(99,56): error TS2551: Property 'notFound' does not exist on type '{ ValidationError: (details?: any) => AppError; InvalidEmail: () => AppError; WeakPassword: () => AppError; InvalidDate: (message?: string) => AppError; ... 28 more ...; InternalError: (details?: string | undefined) => AppError; }'. Did you mean 'NotFound'?
src/modules/assets/routes.ts(101,23): error TS2345: Argument of type 'Request<ParamsDictionary, any, any, ParsedQs, Record<string, any>>' is not assignable to parameter of type 'PoolClient'.
  Type 'Request<ParamsDictionary, any, any, ParsedQs, Record<string, any>>' is missing the following properties from type 'PoolClient': release, connect, copyFrom, copyTo, and 6 more.
src/modules/audits/routes.ts(13,13): error TS2339: Property 'limit' does not exist on type 'String'.
src/modules/audits/routes.ts(13,20): error TS2339: Property 'offset' does not exist on type 'String'.
src/modules/audits/routes.ts(13,28): error TS2339: Property 'page' does not exist on type 'String'.
src/modules/audits/routes.ts(13,37): error TS2554: Expected 2 arguments, but got 1.
src/modules/audits/routes.ts(44,32): error TS2339: Property 'badRequest' does not exist on type '{ ValidationError: (details?: any) => AppError; InvalidEmail: () => AppError; WeakPassword: () => AppError; InvalidDate: (message?: string) => AppError; ... 28 more ...; InternalError: (details?: string | undefined) => AppError; }'.
src/modules/audits/routes.ts(90,27): error TS2339: Property 'id' does not exist on type 'JWTPayload'.
src/modules/audits/routes.ts(90,77): error TS2345: Argument of type '{ scopeType: any; scopeValue: any; }' is not assignable to parameter of type 'string'.
src/modules/audits/routes.ts(101,58): error TS2551: Property 'notFound' does not exist on type '{ ValidationError: (details?: any) => AppError; InvalidEmail: () => AppError; WeakPassword: () => AppError; InvalidDate: (message?: string) => AppError; ... 28 more ...; InternalError: (details?: string | undefined) => AppError; }'. Did you mean 'NotFound'?
src/modules/audits/routes.ts(147,49): error TS2339: Property 'badRequest' does not exist on type '{ ValidationError: (details?: any) => AppError; InvalidEmail: () => AppError; WeakPassword: () => AppError; InvalidDate: (message?: string) => AppError; ... 28 more ...; InternalError: (details?: string | undefined) => AppError; }'.
src/modules/audits/routes.ts(156,58): error TS2339: Property 'id' does not exist on type 'JWTPayload'.
src/modules/audits/routes.ts(158,59): error TS2551: Property 'notFound' does not exist on type '{ ValidationError: (details?: any) => AppError; InvalidEmail: () => AppError; WeakPassword: () => AppError; InvalidDate: (message?: string) => AppError; ... 28 more ...; InternalError: (details?: string | undefined) => AppError; }'. Did you mean 'NotFound'?
src/modules/audits/routes.ts(160,27): error TS2339: Property 'id' does not exist on type 'JWTPayload'.
src/modules/audits/routes.ts(160,83): error TS2345: Argument of type '{ verification: any; }' is not assignable to parameter of type 'string'.
src/modules/auth/routes.ts(140,33): error TS7030: Not all code paths return a value.
src/modules/bookings/routes.ts(11,13): error TS2339: Property 'limit' does not exist on type 'String'.
src/modules/bookings/routes.ts(11,20): error TS2339: Property 'offset' does not exist on type 'String'.
src/modules/bookings/routes.ts(21,56): error TS2551: Property 'notFound' does not exist on type '{ ValidationError: (details?: any) => AppError; InvalidEmail: () => AppError; WeakPassword: () => AppError; InvalidDate: (message?: string) => AppError; ... 28 more ...; InternalError: (details?: string | undefined) => AppError; }'. Did you mean 'NotFound'?
src/modules/bookings/routes.ts(38,11): error TS2554: Expected 5-6 arguments, but got 4.
src/modules/bookings/routes.ts(42,27): error TS2339: Property 'badRequest' does not exist on type '{ ValidationError: (details?: any) => AppError; InvalidEmail: () => AppError; WeakPassword: () => AppError; InvalidDate: (message?: string) => AppError; ... 28 more ...; InternalError: (details?: string | undefined) => AppError; }'.
src/modules/bookings/routes.ts(57,56): error TS2551: Property 'notFound' does not exist on type '{ ValidationError: (details?: any) => AppError; InvalidEmail: () => AppError; WeakPassword: () => AppError; InvalidDate: (message?: string) => AppError; ... 28 more ...; InternalError: (details?: string | undefined) => AppError; }'. Did you mean 'NotFound'?
src/modules/bookings/routes.ts(59,11): error TS2554: Expected 5-6 arguments, but got 4.
src/modules/bookings/routes.ts(63,27): error TS2339: Property 'badRequest' does not exist on type '{ ValidationError: (details?: any) => AppError; InvalidEmail: () => AppError; WeakPassword: () => AppError; InvalidDate: (message?: string) => AppError; ... 28 more ...; InternalError: (details?: string | undefined) => AppError; }'.
src/modules/bookings/routes.ts(77,56): error TS2551: Property 'notFound' does not exist on type '{ ValidationError: (details?: any) => AppError; InvalidEmail: () => AppError; WeakPassword: () => AppError; InvalidDate: (message?: string) => AppError; ... 28 more ...; InternalError: (details?: string | undefined) => AppError; }'. Did you mean 'NotFound'?
src/modules/bookings/routes.ts(78,11): error TS2554: Expected 5-6 arguments, but got 4.
src/modules/categories/routes.ts(37,48): error TS2339: Property 'BadRequest' does not exist on type '{ ValidationError: (details?: any) => AppError; InvalidEmail: () => AppError; WeakPassword: () => AppError; InvalidDate: (message?: string) => AppError; ... 28 more ...; InternalError: (details?: string | undefined) => AppError; }'.
src/modules/categories/routes.ts(54,37): error TS2339: Property 'BadRequest' does not exist on type '{ ValidationError: (details?: any) => AppError; InvalidEmail: () => AppError; WeakPassword: () => AppError; InvalidDate: (message?: string) => AppError; ... 28 more ...; InternalError: (details?: string | undefined) => AppError; }'.
src/modules/categories/routes.ts(57,56): error TS2339: Property 'BadRequest' does not exist on type '{ ValidationError: (details?: any) => AppError; InvalidEmail: () => AppError; WeakPassword: () => AppError; InvalidDate: (message?: string) => AppError; ... 28 more ...; InternalError: (details?: string | undefined) => AppError; }'.
src/modules/categories/routes.ts(67,19): error TS2345: Argument of type 'Request<ParamsDictionary, any, any, ParsedQs, Record<string, any>>' is not assignable to parameter of type 'PoolClient'.
  Type 'Request<ParamsDictionary, any, any, ParsedQs, Record<string, any>>' is missing the following properties from type 'PoolClient': release, connect, copyFrom, copyTo, and 6 more.
src/modules/categories/routes.ts(67,55): error TS18046: 'entity' is of type 'unknown'.
src/modules/categories/routes.ts(80,48): error TS2339: Property 'BadRequest' does not exist on type '{ ValidationError: (details?: any) => AppError; InvalidEmail: () => AppError; WeakPassword: () => AppError; InvalidDate: (message?: string) => AppError; ... 28 more ...; InternalError: (details?: string | undefined) => AppError; }'.
src/modules/categories/routes.ts(87,58): error TS2339: Property 'BadRequest' does not exist on type '{ ValidationError: (details?: any) => AppError; InvalidEmail: () => AppError; WeakPassword: () => AppError; InvalidDate: (message?: string) => AppError; ... 28 more ...; InternalError: (details?: string | undefined) => AppError; }'.
src/modules/categories/routes.ts(100,19): error TS2345: Argument of type 'Request<ParamsDictionary, any, any, ParsedQs, Record<string, any>>' is not assignable to parameter of type 'PoolClient'.
  Type 'Request<ParamsDictionary, any, any, ParsedQs, Record<string, any>>' is missing the following properties from type 'PoolClient': release, connect, copyFrom, copyTo, and 6 more.
src/modules/categories/routes.ts(100,55): error TS18046: 'entity' is of type 'unknown'.
src/modules/departments/routes.ts(37,48): error TS2339: Property 'BadRequest' does not exist on type '{ ValidationError: (details?: any) => AppError; InvalidEmail: () => AppError; WeakPassword: () => AppError; InvalidDate: (message?: string) => AppError; ... 28 more ...; InternalError: (details?: string | undefined) => AppError; }'.
src/modules/departments/routes.ts(54,37): error TS2339: Property 'BadRequest' does not exist on type '{ ValidationError: (details?: any) => AppError; InvalidEmail: () => AppError; WeakPassword: () => AppError; InvalidDate: (message?: string) => AppError; ... 28 more ...; InternalError: (details?: string | undefined) => AppError; }'.
src/modules/departments/routes.ts(55,66): error TS2339: Property 'BadRequest' does not exist on type '{ ValidationError: (details?: any) => AppError; InvalidEmail: () => AppError; WeakPassword: () => AppError; InvalidDate: (message?: string) => AppError; ... 28 more ...; InternalError: (details?: string | undefined) => AppError; }'.
src/modules/departments/routes.ts(56,70): error TS2339: Property 'BadRequest' does not exist on type '{ ValidationError: (details?: any) => AppError; InvalidEmail: () => AppError; WeakPassword: () => AppError; InvalidDate: (message?: string) => AppError; ... 28 more ...; InternalError: (details?: string | undefined) => AppError; }'.
src/modules/departments/routes.ts(57,82): error TS2339: Property 'BadRequest' does not exist on type '{ ValidationError: (details?: any) => AppError; InvalidEmail: () => AppError; WeakPassword: () => AppError; InvalidDate: (message?: string) => AppError; ... 28 more ...; InternalError: (details?: string | undefined) => AppError; }'.
src/modules/departments/routes.ts(60,56): error TS2339: Property 'BadRequest' does not exist on type '{ ValidationError: (details?: any) => AppError; InvalidEmail: () => AppError; WeakPassword: () => AppError; InvalidDate: (message?: string) => AppError; ... 28 more ...; InternalError: (details?: string | undefined) => AppError; }'.
src/modules/departments/routes.ts(70,19): error TS2345: Argument of type 'Request<ParamsDictionary, any, any, ParsedQs, Record<string, any>>' is not assignable to parameter of type 'PoolClient'.
  Type 'Request<ParamsDictionary, any, any, ParsedQs, Record<string, any>>' is missing the following properties from type 'PoolClient': release, connect, copyFrom, copyTo, and 6 more.
src/modules/departments/routes.ts(70,59): error TS18046: 'entity' is of type 'unknown'.
src/modules/departments/routes.ts(84,48): error TS2339: Property 'BadRequest' does not exist on type '{ ValidationError: (details?: any) => AppError; InvalidEmail: () => AppError; WeakPassword: () => AppError; InvalidDate: (message?: string) => AppError; ... 28 more ...; InternalError: (details?: string | undefined) => AppError; }'.
src/modules/departments/routes.ts(85,66): error TS2339: Property 'BadRequest' does not exist on type '{ ValidationError: (details?: any) => AppError; InvalidEmail: () => AppError; WeakPassword: () => AppError; InvalidDate: (message?: string) => AppError; ... 28 more ...; InternalError: (details?: string | undefined) => AppError; }'.
src/modules/departments/routes.ts(86,70): error TS2339: Property 'BadRequest' does not exist on type '{ ValidationError: (details?: any) => AppError; InvalidEmail: () => AppError; WeakPassword: () => AppError; InvalidDate: (message?: string) => AppError; ... 28 more ...; InternalError: (details?: string | undefined) => AppError; }'.
src/modules/departments/routes.ts(87,82): error TS2339: Property 'BadRequest' does not exist on type '{ ValidationError: (details?: any) => AppError; InvalidEmail: () => AppError; WeakPassword: () => AppError; InvalidDate: (message?: string) => AppError; ... 28 more ...; InternalError: (details?: string | undefined) => AppError; }'.
src/modules/departments/routes.ts(89,47): error TS2339: Property 'BadRequest' does not exist on type '{ ValidationError: (details?: any) => AppError; InvalidEmail: () => AppError; WeakPassword: () => AppError; InvalidDate: (message?: string) => AppError; ... 28 more ...; InternalError: (details?: string | undefined) => AppError; }'.
src/modules/departments/routes.ts(96,58): error TS2339: Property 'BadRequest' does not exist on type '{ ValidationError: (details?: any) => AppError; InvalidEmail: () => AppError; WeakPassword: () => AppError; InvalidDate: (message?: string) => AppError; ... 28 more ...; InternalError: (details?: string | undefined) => AppError; }'.
src/modules/departments/routes.ts(111,19): error TS2345: Argument of type 'Request<ParamsDictionary, any, any, ParsedQs, Record<string, any>>' is not assignable to parameter of type 'PoolClient'.
  Type 'Request<ParamsDictionary, any, any, ParsedQs, Record<string, any>>' is missing the following properties from type 'PoolClient': release, connect, copyFrom, copyTo, and 6 more.
src/modules/departments/routes.ts(111,59): error TS18046: 'entity' is of type 'unknown'.
src/modules/maintenance/routes.ts(11,13): error TS2339: Property 'limit' does not exist on type 'String'.
src/modules/maintenance/routes.ts(11,20): error TS2339: Property 'offset' does not exist on type 'String'.
src/modules/maintenance/routes.ts(21,56): error TS2551: Property 'notFound' does not exist on type '{ ValidationError: (details?: any) => AppError; InvalidEmail: () => AppError; WeakPassword: () => AppError; InvalidDate: (message?: string) => AppError; ... 28 more ...; InternalError: (details?: string | undefined) => AppError; }'. Did you mean 'NotFound'?
src/modules/maintenance/routes.ts(34,11): error TS2554: Expected 5-6 arguments, but got 4.
src/modules/maintenance/routes.ts(46,56): error TS2551: Property 'notFound' does not exist on type '{ ValidationError: (details?: any) => AppError; InvalidEmail: () => AppError; WeakPassword: () => AppError; InvalidDate: (message?: string) => AppError; ... 28 more ...; InternalError: (details?: string | undefined) => AppError; }'. Did you mean 'NotFound'?
src/modules/maintenance/routes.ts(47,11): error TS2554: Expected 5-6 arguments, but got 4.
src/modules/maintenance/routes.ts(56,57): error TS2551: Property 'notFound' does not exist on type '{ ValidationError: (details?: any) => AppError; InvalidEmail: () => AppError; WeakPassword: () => AppError; InvalidDate: (message?: string) => AppError; ... 28 more ...; InternalError: (details?: string | undefined) => AppError; }'. Did you mean 'NotFound'?
src/modules/maintenance/routes.ts(67,11): error TS2554: Expected 5-6 arguments, but got 4.
src/modules/maintenance/routes.ts(75,56): error TS2551: Property 'notFound' does not exist on type '{ ValidationError: (details?: any) => AppError; InvalidEmail: () => AppError; WeakPassword: () => AppError; InvalidDate: (message?: string) => AppError; ... 28 more ...; InternalError: (details?: string | undefined) => AppError; }'. Did you mean 'NotFound'?
src/modules/maintenance/routes.ts(76,11): error TS2554: Expected 5-6 arguments, but got 4.
src/modules/maintenance/routes.ts(85,56): error TS2551: Property 'notFound' does not exist on type '{ ValidationError: (details?: any) => AppError; InvalidEmail: () => AppError; WeakPassword: () => AppError; InvalidDate: (message?: string) => AppError; ... 28 more ...; InternalError: (details?: string | undefined) => AppError; }'. Did you mean 'NotFound'?
src/modules/maintenance/routes.ts(86,11): error TS2554: Expected 5-6 arguments, but got 4.
src/modules/maintenance/routes.ts(96,57): error TS2551: Property 'notFound' does not exist on type '{ ValidationError: (details?: any) => AppError; InvalidEmail: () => AppError; WeakPassword: () => AppError; InvalidDate: (message?: string) => AppError; ... 28 more ...; InternalError: (details?: string | undefined) => AppError; }'. Did you mean 'NotFound'?
src/modules/maintenance/routes.ts(112,11): error TS2554: Expected 5-6 arguments, but got 4.
src/modules/notifications/routes.ts(12,13): error TS2339: Property 'limit' does not exist on type 'String'.
src/modules/notifications/routes.ts(12,20): error TS2339: Property 'offset' does not exist on type 'String'.
src/modules/notifications/routes.ts(12,28): error TS2339: Property 'page' does not exist on type 'String'.
src/modules/notifications/routes.ts(12,37): error TS2554: Expected 2 arguments, but got 1.
src/modules/notifications/routes.ts(18,19): error TS2339: Property 'id' does not exist on type 'JWTPayload'.
src/modules/notifications/routes.ts(20,105): error TS2339: Property 'id' does not exist on type 'JWTPayload'.
src/modules/notifications/routes.ts(40,93): error TS7030: Not all code paths return a value.
src/modules/notifications/routes.ts(46,34): error TS2339: Property 'id' does not exist on type 'JWTPayload'.
src/modules/notifications/routes.ts(64,19): error TS2339: Property 'id' does not exist on type 'JWTPayload'.
src/modules/transfers/routes.ts(11,13): error TS2339: Property 'limit' does not exist on type 'String'.
src/modules/transfers/routes.ts(11,20): error TS2339: Property 'offset' does not exist on type 'String'.
src/modules/transfers/routes.ts(21,56): error TS2551: Property 'notFound' does not exist on type '{ ValidationError: (details?: any) => AppError; InvalidEmail: () => AppError; WeakPassword: () => AppError; InvalidDate: (message?: string) => AppError; ... 28 more ...; InternalError: (details?: string | undefined) => AppError; }'. Did you mean 'NotFound'?
src/modules/transfers/routes.ts(34,11): error TS2554: Expected 5-6 arguments, but got 4.
src/modules/transfers/routes.ts(43,60): error TS2551: Property 'notFound' does not exist on type '{ ValidationError: (details?: any) => AppError; InvalidEmail: () => AppError; WeakPassword: () => AppError; InvalidDate: (message?: string) => AppError; ... 28 more ...; InternalError: (details?: string | undefined) => AppError; }'. Did you mean 'NotFound'?
src/modules/transfers/routes.ts(69,11): error TS2554: Expected 5-6 arguments, but got 4.
src/modules/transfers/routes.ts(77,56): error TS2551: Property 'notFound' does not exist on type '{ ValidationError: (details?: any) => AppError; InvalidEmail: () => AppError; WeakPassword: () => AppError; InvalidDate: (message?: string) => AppError; ... 28 more ...; InternalError: (details?: string | undefined) => AppError; }'. Did you mean 'NotFound'?
src/modules/transfers/routes.ts(78,11): error TS2554: Expected 5-6 arguments, but got 4.
src/modules/transfers/routes.ts(88,11): error TS2554: Expected 5-6 arguments, but got 4.
src/modules/users/routes.ts(38,48): error TS2339: Property 'BadRequest' does not exist on type '{ ValidationError: (details?: any) => AppError; InvalidEmail: () => AppError; WeakPassword: () => AppError; InvalidDate: (message?: string) => AppError; ... 28 more ...; InternalError: (details?: string | undefined) => AppError; }'.
src/modules/users/routes.ts(56,37): error TS2339: Property 'BadRequest' does not exist on type '{ ValidationError: (details?: any) => AppError; InvalidEmail: () => AppError; WeakPassword: () => AppError; InvalidDate: (message?: string) => AppError; ... 28 more ...; InternalError: (details?: string | undefined) => AppError; }'.
src/modules/users/routes.ts(57,62): error TS2339: Property 'BadRequest' does not exist on type '{ ValidationError: (details?: any) => AppError; InvalidEmail: () => AppError; WeakPassword: () => AppError; InvalidDate: (message?: string) => AppError; ... 28 more ...; InternalError: (details?: string | undefined) => AppError; }'.
src/modules/users/routes.ts(58,72): error TS2339: Property 'BadRequest' does not exist on type '{ ValidationError: (details?: any) => AppError; InvalidEmail: () => AppError; WeakPassword: () => AppError; InvalidDate: (message?: string) => AppError; ... 28 more ...; InternalError: (details?: string | undefined) => AppError; }'.
src/modules/users/routes.ts(59,74): error TS2339: Property 'BadRequest' does not exist on type '{ ValidationError: (details?: any) => AppError; InvalidEmail: () => AppError; WeakPassword: () => AppError; InvalidDate: (message?: string) => AppError; ... 28 more ...; InternalError: (details?: string | undefined) => AppError; }'.
src/modules/users/routes.ts(60,111): error TS2339: Property 'BadRequest' does not exist on type '{ ValidationError: (details?: any) => AppError; InvalidEmail: () => AppError; WeakPassword: () => AppError; InvalidDate: (message?: string) => AppError; ... 28 more ...; InternalError: (details?: string | undefined) => AppError; }'.
src/modules/users/routes.ts(61,82): error TS2339: Property 'BadRequest' does not exist on type '{ ValidationError: (details?: any) => AppError; InvalidEmail: () => AppError; WeakPassword: () => AppError; InvalidDate: (message?: string) => AppError; ... 28 more ...; InternalError: (details?: string | undefined) => AppError; }'.
src/modules/users/routes.ts(64,56): error TS2339: Property 'BadRequest' does not exist on type '{ ValidationError: (details?: any) => AppError; InvalidEmail: () => AppError; WeakPassword: () => AppError; InvalidDate: (message?: string) => AppError; ... 28 more ...; InternalError: (details?: string | undefined) => AppError; }'.
src/modules/users/routes.ts(79,19): error TS2345: Argument of type 'Request<ParamsDictionary, any, any, ParsedQs, Record<string, any>>' is not assignable to parameter of type 'PoolClient'.
  Type 'Request<ParamsDictionary, any, any, ParsedQs, Record<string, any>>' is missing the following properties from type 'PoolClient': release, connect, copyFrom, copyTo, and 6 more.
src/modules/users/routes.ts(79,47): error TS18046: 'entity' is of type 'unknown'.
src/modules/users/routes.ts(93,48): error TS2339: Property 'BadRequest' does not exist on type '{ ValidationError: (details?: any) => AppError; InvalidEmail: () => AppError; WeakPassword: () => AppError; InvalidDate: (message?: string) => AppError; ... 28 more ...; InternalError: (details?: string | undefined) => AppError; }'.
src/modules/users/routes.ts(94,61): error TS2339: Property 'BadRequest' does not exist on type '{ ValidationError: (details?: any) => AppError; InvalidEmail: () => AppError; WeakPassword: () => AppError; InvalidDate: (message?: string) => AppError; ... 28 more ...; InternalError: (details?: string | undefined) => AppError; }'.
src/modules/users/routes.ts(95,71): error TS2339: Property 'BadRequest' does not exist on type '{ ValidationError: (details?: any) => AppError; InvalidEmail: () => AppError; WeakPassword: () => AppError; InvalidDate: (message?: string) => AppError; ... 28 more ...; InternalError: (details?: string | undefined) => AppError; }'.
src/modules/users/routes.ts(96,74): error TS2339: Property 'BadRequest' does not exist on type '{ ValidationError: (details?: any) => AppError; InvalidEmail: () => AppError; WeakPassword: () => AppError; InvalidDate: (message?: string) => AppError; ... 28 more ...; InternalError: (details?: string | undefined) => AppError; }'.
src/modules/users/routes.ts(97,111): error TS2339: Property 'BadRequest' does not exist on type '{ ValidationError: (details?: any) => AppError; InvalidEmail: () => AppError; WeakPassword: () => AppError; InvalidDate: (message?: string) => AppError; ... 28 more ...; InternalError: (details?: string | undefined) => AppError; }'.
src/modules/users/routes.ts(98,82): error TS2339: Property 'BadRequest' does not exist on type '{ ValidationError: (details?: any) => AppError; InvalidEmail: () => AppError; WeakPassword: () => AppError; InvalidDate: (message?: string) => AppError; ... 28 more ...; InternalError: (details?: string | undefined) => AppError; }'.
src/modules/users/routes.ts(105,58): error TS2339: Property 'BadRequest' does not exist on type '{ ValidationError: (details?: any) => AppError; InvalidEmail: () => AppError; WeakPassword: () => AppError; InvalidDate: (message?: string) => AppError; ... 28 more ...; InternalError: (details?: string | undefined) => AppError; }'.
src/modules/users/routes.ts(126,19): error TS2345: Argument of type 'Request<ParamsDictionary, any, any, ParsedQs, Record<string, any>>' is not assignable to parameter of type 'PoolClient'.
  Type 'Request<ParamsDictionary, any, any, ParsedQs, Record<string, any>>' is missing the following properties from type 'PoolClient': release, connect, copyFrom, copyTo, and 6 more.
src/modules/users/routes.ts(126,47): error TS18046: 'entity' is of type 'unknown'.
src/modules/users/routes.ts(138,48): error TS2339: Property 'BadRequest' does not exist on type '{ ValidationError: (details?: any) => AppError; InvalidEmail: () => AppError; WeakPassword: () => AppError; InvalidDate: (message?: string) => AppError; ... 28 more ...; InternalError: (details?: string | undefined) => AppError; }'.
src/modules/users/routes.ts(141,30): error TS2339: Property 'id' does not exist on type 'JWTPayload'.
src/modules/users/routes.ts(142,28): error TS2339: Property 'BadRequest' does not exist on type '{ ValidationError: (details?: any) => AppError; InvalidEmail: () => AppError; WeakPassword: () => AppError; InvalidDate: (message?: string) => AppError; ... 28 more ...; InternalError: (details?: string | undefined) => AppError; }'.
src/modules/users/routes.ts(151,21): error TS2345: Argument of type 'Request<ParamsDictionary, any, any, ParsedQs, Record<string, any>>' is not assignable to parameter of type 'PoolClient'.
  Type 'Request<ParamsDictionary, any, any, ParsedQs, Record<string, any>>' is missing the following properties from type 'PoolClient': release, connect, copyFrom, copyTo, and 6 more.
src/modules/users/routes.ts(157,30): error TS2339: Property 'BadRequest' does not exist on type '{ ValidationError: (details?: any) => AppError; InvalidEmail: () => AppError; WeakPassword: () => AppError; InvalidDate: (message?: string) => AppError; ... 28 more ...; InternalError: (details?: string | undefined) => AppError; }'.
